// Jest Snapshot v1, https://goo.gl/fbAQLP

exports[`abv alt adds alt version 1`] = `
Object {
  ".abv": Object {
    ".objects": Object {
      "<foo>.md": "# Foo
",
    },
    ".viewstack": "[\\"sub-layer\\", \\"alt-layer\\"]",
    "foo": "{
    \\"1\\": \\"ver1.md\\",
    \\"counter\\": 2,
    \\"head\\": [
        \\"ref\\",
        1
    ],
    \\"m$prev\\": {
        \\"1\\": [
            \\"ref\\",
            0
        ]
    },
    \\"m$ts\\": {
        \\"1\\": \\"2020-01-01T10:11:12Z\\"
    },
    \\"sub-layer\\": {},
    \\"alt-layer\\": {
        \\"1\\": \\"<foo>.md\\",
        \\"m$ts\\": {
            \\"1\\": \\"2020-07-20T18:36Z\\"
        },
        \\"r$tracked\\": {
            \\"1\\": \\"ver1.md\\",
            \\"head\\": [
                \\"ref\\",
                1
            ]
        },
        \\"head\\": [
            \\"ref\\",
            1
        ]
    }
}",
  },
  "foo.md": "# Foo
",
}
`;
