// Jest Snapshot v1, https://goo.gl/fbAQLP

exports[`abv alt adds alt version 1`] = `
Object {
  ".abv": Object {
    ".objects": Object {
      "<foo>.md": "# Foo
",
    },
    ".viewstack": "[\\"alt-layer\\"]",
    "foo": "{
    \\"0\\": [
        \\"seq\\",
        [
            null,
            1
        ]
    ],
    \\"1\\": \\"ver1.md\\",
    \\"counter\\": 4,
    \\"head\\": 0,
    \\"__document__\\": true,
    \\"__layer__\\": true,
    \\"alt-layer\\": {
        \\"2\\": [
            \\"mapping\\",
            {
                \\"to\\": [
                    \\"seq\\",
                    [
                        0,
                        3
                    ]
                ]
            }
        ],
        \\"3\\": [
            \\"mapping\\",
            {
                \\"to\\": \\"<foo>.md\\"
            }
        ],
        \\"__layer__\\": true,
        \\"head\\": [
            \\"mapping\\",
            {
                \\"from\\": 0,
                \\"to\\": 2
            }
        ],
        \\"timestamps\\": {
            \\"2\\": [
                \\"mapping\\",
                {
                    \\"to\\": \\"2020-07-20T18:36Z\\"
                }
            ],
            \\"__layer__\\": true
        }
    }
}",
  },
  "foo.md": "# Foo
",
}
`;
